2026-09-10 16:38:07,755 p=259360 u=aq n=ansible ERROR| [ERROR]: The role 'common' was not found in: /home/aq/ansible-projects/git_practice/demo-project/playbooks/roles:/home/aq/ansible-projects/git_practice/demo-project/roles:/home/aq/ansible-projects/git_practice/demo-project/playbooks
Origin: /home/aq/ansible-projects/git_practice/demo-project/playbooks/site.yml:7:7

5
6   roles:
7     - role: common
        ^ column 7


2026-09-10 16:39:00,712 p=259726 u=aq n=ansible ERROR| [ERROR]: The role 'users' was not found in: /home/aq/ansible-projects/git_practice/demo-project/playbooks/roles:/home/aq/ansible-projects/git_practice/demo-project/roles:/home/aq/ansible-projects/git_practice/demo-project/playbooks
Origin: /home/aq/ansible-projects/git_practice/demo-project/playbooks/site.yml:11:7

 9         - common_deploy
10
11     - role: users
         ^ column 7


2026-09-10 16:39:21,803 p=259958 u=aq n=ansible ERROR| [ERROR]: The role 'report' was not found in: /home/aq/ansible-projects/git_practice/demo-project/playbooks/roles:/home/aq/ansible-projects/git_practice/demo-project/roles:/home/aq/ansible-projects/git_practice/demo-project/playbooks
Origin: /home/aq/ansible-projects/git_practice/demo-project/playbooks/site.yml:15:7

13         - users_deploy
14
15     - role: report
         ^ column 7


2026-09-10 16:39:34,213 p=260155 u=aq n=ansible INFO| playbook: playbooks/site.yml
2026-09-10 16:39:34,213 p=260155 u=aq n=ansible INFO|   play #1 (all): Linux Baseline Configuration	TAGS: []
2026-09-10 16:39:34,220 p=260155 u=aq n=ansible INFO|       TASK TAGS: [common_deploy, users_deploy]

2026-09-10 16:40:14,816 p=260558 u=aq n=ansible INFO| PLAY [Linux Baseline Configuration] ******************************************************************************************************************************************************************
2026-09-10 16:40:14,839 p=260558 u=aq n=ansible INFO| TASK [Gathering Facts] *******************************************************************************************************************************************************************************
2026-09-10 16:40:16,207 p=260558 u=aq n=ansible WARNING| [WARNING]: Host 'localhost' is using the discovered Python interpreter at '/home/aq/ansible-projects/.venv/bin/python3.14', but future installation of another Python interpreter could cause a different interpreter to be discovered. See https://docs.ansible.com/ansible-core/2.21/reference_appendices/interpreter_discovery.html for more information.

2026-09-10 16:40:16,207 p=260558 u=aq n=ansible INFO| ok: [localhost]
2026-09-10 16:40:16,234 p=260558 u=aq n=ansible INFO| TASK [common_deploy : Install common packages] *******************************************************************************************************************************************************
2026-09-10 16:40:19,866 p=260558 u=aq n=ansible INFO| changed: [localhost]
2026-09-10 16:40:19,872 p=260558 u=aq n=ansible INFO| TASK [common_deploy : Deploy MOTD] *******************************************************************************************************************************************************************
2026-09-10 16:40:20,882 p=260558 u=aq n=ansible INFO| ok: [localhost]
2026-09-10 16:40:20,892 p=260558 u=aq n=ansible INFO| TASK [users_deploy : Create admin users] *************************************************************************************************************************************************************
2026-09-10 16:40:21,492 p=260558 u=aq n=ansible INFO| ok: [localhost] => (item=demoadmin)
2026-09-10 16:40:21,500 p=260558 u=aq n=ansible INFO| PLAY RECAP *******************************************************************************************************************************************************************************************
2026-09-10 16:40:21,500 p=260558 u=aq n=ansible INFO| localhost                  : ok=4    changed=1    unreachable=0    failed=0    skipped=0    rescued=0    ignored=0   
2026-09-10 16:40:36,251 p=260998 u=aq n=ansible ERROR| [ERROR]: The role 'users_cleanup' was not found in: /home/aq/ansible-projects/git_practice/demo-project/playbooks/roles:/home/aq/ansible-projects/git_practice/demo-project/roles:/home/aq/ansible-projects/git_practice/demo-project/playbooks
Origin: /home/aq/ansible-projects/git_practice/demo-project/playbooks/cleanup.yml:8:7

6   roles:
7     - common_cleanup
8     - users_cleanup
        ^ column 7


2026-09-10 16:42:51,970 p=261671 u=aq n=ansible INFO| PLAY [Rollback Demo Environment] *********************************************************************************************************************************************************************
2026-09-10 16:42:51,992 p=261671 u=aq n=ansible INFO| TASK [Gathering Facts] *******************************************************************************************************************************************************************************
2026-09-10 16:42:53,322 p=261671 u=aq n=ansible WARNING| [WARNING]: Host 'localhost' is using the discovered Python interpreter at '/home/aq/ansible-projects/.venv/bin/python3.14', but future installation of another Python interpreter could cause a different interpreter to be discovered. See https://docs.ansible.com/ansible-core/2.21/reference_appendices/interpreter_discovery.html for more information.

2026-09-10 16:42:53,323 p=261671 u=aq n=ansible INFO| ok: [localhost]
2026-09-10 16:42:53,336 p=261671 u=aq n=ansible INFO| TASK [common_cleanup : Remove demo packages] *********************************************************************************************************************************************************
2026-09-10 16:42:54,774 p=261671 u=aq n=ansible INFO| ok: [localhost]
2026-09-10 16:42:54,778 p=261671 u=aq n=ansible INFO| TASK [common_cleanup : Remove MOTD] ******************************************************************************************************************************************************************
2026-09-10 16:42:55,086 p=261671 u=aq n=ansible INFO| changed: [localhost]
2026-09-10 16:42:55,092 p=261671 u=aq n=ansible INFO| TASK [users_cleanup : Remove admin users] ************************************************************************************************************************************************************
2026-09-10 16:42:55,437 p=261671 u=aq n=ansible INFO| changed: [localhost] => (item=demoadmin)
2026-09-10 16:42:55,442 p=261671 u=aq n=ansible INFO| PLAY RECAP *******************************************************************************************************************************************************************************************
2026-09-10 16:42:55,443 p=261671 u=aq n=ansible INFO| localhost                  : ok=4    changed=2    unreachable=0    failed=0    skipped=0    rescued=0    ignored=0   
2026-09-10 16:46:52,157 p=263265 u=aq n=ansible INFO| PLAY [Rollback Demo Environment] *********************************************************************************************************************************************************************
2026-09-10 16:46:52,166 p=263265 u=aq n=ansible INFO| TASK [Gathering Facts] *******************************************************************************************************************************************************************************
2026-09-10 16:46:53,154 p=263265 u=aq n=ansible WARNING| [WARNING]: Host 'localhost' is using the discovered Python interpreter at '/home/aq/ansible-projects/.venv/bin/python3.14', but future installation of another Python interpreter could cause a different interpreter to be discovered. See https://docs.ansible.com/ansible-core/2.21/reference_appendices/interpreter_discovery.html for more information.

2026-09-10 16:46:53,154 p=263265 u=aq n=ansible INFO| ok: [localhost]
2026-09-10 16:46:53,168 p=263265 u=aq n=ansible INFO| TASK [common_cleanup : Remove demo packages] *********************************************************************************************************************************************************
2026-09-10 16:46:54,464 p=263265 u=aq n=ansible INFO| ok: [localhost]
2026-09-10 16:46:54,468 p=263265 u=aq n=ansible INFO| TASK [common_cleanup : Remove MOTD] ******************************************************************************************************************************************************************
2026-09-10 16:46:55,083 p=263265 u=aq n=ansible INFO| changed: [localhost]
2026-09-10 16:46:55,089 p=263265 u=aq n=ansible INFO| TASK [users_cleanup : Remove admin users] ************************************************************************************************************************************************************
2026-09-10 16:46:55,472 p=263265 u=aq n=ansible INFO| changed: [localhost] => (item=demoadmin)
2026-09-10 16:46:55,475 p=263265 u=aq n=ansible INFO| PLAY RECAP *******************************************************************************************************************************************************************************************
2026-09-10 16:46:55,475 p=263265 u=aq n=ansible INFO| localhost                  : ok=4    changed=2    unreachable=0    failed=0    skipped=0    rescued=0    ignored=0   
2026-09-10 16:47:17,309 p=263756 u=aq n=ansible INFO| PLAY [Linux Baseline Configuration] ******************************************************************************************************************************************************************
2026-09-10 16:47:17,321 p=263756 u=aq n=ansible INFO| TASK [Gathering Facts] *******************************************************************************************************************************************************************************
2026-09-10 16:47:18,317 p=263756 u=aq n=ansible WARNING| [WARNING]: Host 'localhost' is using the discovered Python interpreter at '/home/aq/ansible-projects/.venv/bin/python3.14', but future installation of another Python interpreter could cause a different interpreter to be discovered. See https://docs.ansible.com/ansible-core/2.21/reference_appendices/interpreter_discovery.html for more information.

2026-09-10 16:47:18,317 p=263756 u=aq n=ansible INFO| ok: [localhost]
2026-09-10 16:47:18,331 p=263756 u=aq n=ansible INFO| TASK [common_deploy : Install common packages] *******************************************************************************************************************************************************
2026-09-10 16:47:25,131 p=263756 u=aq n=ansible INFO| changed: [localhost]
2026-09-10 16:47:25,137 p=263756 u=aq n=ansible INFO| TASK [common_deploy : Deploy MOTD] *******************************************************************************************************************************************************************
2026-09-10 16:47:26,123 p=263756 u=aq n=ansible INFO| changed: [localhost]
2026-09-10 16:47:26,133 p=263756 u=aq n=ansible INFO| TASK [users_deploy : Create admin users] *************************************************************************************************************************************************************
2026-09-10 16:47:26,900 p=263756 u=aq n=ansible INFO| changed: [localhost] => (item=demoadmin)
2026-09-10 16:47:26,907 p=263756 u=aq n=ansible INFO| PLAY RECAP *******************************************************************************************************************************************************************************************
2026-09-10 16:47:26,907 p=263756 u=aq n=ansible INFO| localhost                  : ok=4    changed=3    unreachable=0    failed=0    skipped=0    rescued=0    ignored=0   
2026-09-10 16:47:54,459 p=264509 u=aq n=ansible INFO| PLAY [Rollback Demo Environment] *********************************************************************************************************************************************************************
2026-09-10 16:47:54,477 p=264509 u=aq n=ansible INFO| TASK [Gathering Facts] *******************************************************************************************************************************************************************************
2026-09-10 16:47:55,537 p=264509 u=aq n=ansible WARNING| [WARNING]: Host 'localhost' is using the discovered Python interpreter at '/home/aq/ansible-projects/.venv/bin/python3.14', but future installation of another Python interpreter could cause a different interpreter to be discovered. See https://docs.ansible.com/ansible-core/2.21/reference_appendices/interpreter_discovery.html for more information.

2026-09-10 16:47:55,538 p=264509 u=aq n=ansible INFO| ok: [localhost]
2026-09-10 16:47:55,551 p=264509 u=aq n=ansible INFO| TASK [common_cleanup : Remove demo packages] *********************************************************************************************************************************************************
2026-09-10 16:47:58,919 p=264509 u=aq n=ansible INFO| changed: [localhost]
2026-09-10 16:47:58,924 p=264509 u=aq n=ansible INFO| TASK [common_cleanup : Remove MOTD] ******************************************************************************************************************************************************************
2026-09-10 16:47:59,832 p=264509 u=aq n=ansible INFO| changed: [localhost]
2026-09-10 16:47:59,840 p=264509 u=aq n=ansible INFO| TASK [users_cleanup : Remove admin users] ************************************************************************************************************************************************************
2026-09-10 16:48:00,473 p=264509 u=aq n=ansible INFO| changed: [localhost] => (item=demoadmin)
2026-09-10 16:48:00,480 p=264509 u=aq n=ansible INFO| PLAY RECAP *******************************************************************************************************************************************************************************************
2026-09-10 16:48:00,481 p=264509 u=aq n=ansible INFO| localhost                  : ok=4    changed=3    unreachable=0    failed=0    skipped=0    rescued=0    ignored=0   
2026-09-10 16:50:25,468 p=265645 u=aq n=ansible INFO| PLAY [Linux Baseline Configuration] ******************************************************************************************************************************************************************
2026-09-10 16:50:25,487 p=265645 u=aq n=ansible INFO| TASK [Gathering Facts] *******************************************************************************************************************************************************************************
2026-09-10 16:50:26,842 p=265645 u=aq n=ansible WARNING| [WARNING]: Host 'localhost' is using the discovered Python interpreter at '/home/aq/ansible-projects/.venv/bin/python3.14', but future installation of another Python interpreter could cause a different interpreter to be discovered. See https://docs.ansible.com/ansible-core/2.21/reference_appendices/interpreter_discovery.html for more information.

2026-09-10 16:50:26,842 p=265645 u=aq n=ansible INFO| ok: [localhost]
2026-09-10 16:50:26,848 p=265645 u=aq n=ansible INFO| TASK [users_deploy : Create admin users] *************************************************************************************************************************************************************
2026-09-10 16:50:27,290 p=265645 u=aq n=ansible INFO| changed: [localhost] => (item=demoadmin)
2026-09-10 16:50:27,296 p=265645 u=aq n=ansible INFO| PLAY RECAP *******************************************************************************************************************************************************************************************
2026-09-10 16:50:27,296 p=265645 u=aq n=ansible INFO| localhost                  : ok=2    changed=1    unreachable=0    failed=0    skipped=0    rescued=0    ignored=0   
